// Jest Snapshot v1, https://goo.gl/fbAQLP

exports[`Home component Rendered Home component 1`] = `
Object {
  "asFragment": [Function],
  "baseElement": <body>
    <div>
      <nav
        class="NavBar"
      >
        <h1
          class="NavBar__Title"
        >
          Cryptic
        </h1>
        <img
          class="NavBar__Image"
          src="https://cryptologos.cc/logos/near-protocol-near-logo.svg?v=023"
        />
        <h1
          class="NavBar__Title"
        >
          World
        </h1>
      </nav>
      <div
        class="Header"
      >
        <div
          class="Header__Container"
        >
          <p
            class="Header__Container__Title"
          >
            One Place
          </p>
          <p
            class="Header__Container__Description"
          >
            All the Crypto Information you need!
          </p>
        </div>
      </div>
      <div
        class="Filter"
      >
        <div
          class="Filter__Container"
        >
          <span
            class="Filter__Container__Title"
          >
            Filter:
          </span>
          <input
            class="Filter__Container__Input"
            type="text"
            value=""
          />
        </div>
      </div>
      <div
        class="Cryptos"
      />
    </div>
  </body>,
  "container": <div>
    <nav
      class="NavBar"
    >
      <h1
        class="NavBar__Title"
      >
        Cryptic
      </h1>
      <img
        class="NavBar__Image"
        src="https://cryptologos.cc/logos/near-protocol-near-logo.svg?v=023"
      />
      <h1
        class="NavBar__Title"
      >
        World
      </h1>
    </nav>
    <div
      class="Header"
    >
      <div
        class="Header__Container"
      >
        <p
          class="Header__Container__Title"
        >
          One Place
        </p>
        <p
          class="Header__Container__Description"
        >
          All the Crypto Information you need!
        </p>
      </div>
    </div>
    <div
      class="Filter"
    >
      <div
        class="Filter__Container"
      >
        <span
          class="Filter__Container__Title"
        >
          Filter:
        </span>
        <input
          class="Filter__Container__Input"
          type="text"
          value=""
        />
      </div>
    </div>
    <div
      class="Cryptos"
    />
  </div>,
  "debug": [Function],
  "findAllByAltText": [Function],
  "findAllByDisplayValue": [Function],
  "findAllByLabelText": [Function],
  "findAllByPlaceholderText": [Function],
  "findAllByRole": [Function],
  "findAllByTestId": [Function],
  "findAllByText": [Function],
  "findAllByTitle": [Function],
  "findByAltText": [Function],
  "findByDisplayValue": [Function],
  "findByLabelText": [Function],
  "findByPlaceholderText": [Function],
  "findByRole": [Function],
  "findByTestId": [Function],
  "findByText": [Function],
  "findByTitle": [Function],
  "getAllByAltText": [Function],
  "getAllByDisplayValue": [Function],
  "getAllByLabelText": [Function],
  "getAllByPlaceholderText": [Function],
  "getAllByRole": [Function],
  "getAllByTestId": [Function],
  "getAllByText": [Function],
  "getAllByTitle": [Function],
  "getByAltText": [Function],
  "getByDisplayValue": [Function],
  "getByLabelText": [Function],
  "getByPlaceholderText": [Function],
  "getByRole": [Function],
  "getByTestId": [Function],
  "getByText": [Function],
  "getByTitle": [Function],
  "queryAllByAltText": [Function],
  "queryAllByDisplayValue": [Function],
  "queryAllByLabelText": [Function],
  "queryAllByPlaceholderText": [Function],
  "queryAllByRole": [Function],
  "queryAllByTestId": [Function],
  "queryAllByText": [Function],
  "queryAllByTitle": [Function],
  "queryByAltText": [Function],
  "queryByDisplayValue": [Function],
  "queryByLabelText": [Function],
  "queryByPlaceholderText": [Function],
  "queryByRole": [Function],
  "queryByTestId": [Function],
  "queryByText": [Function],
  "queryByTitle": [Function],
  "rerender": [Function],
  "unmount": [Function],
}
`;
